components/full-screen-loader.tsx(169,15): error TS2769: No overload matches this call.
  Overload 1 of 2, '(props: ViewProps): View', gave the following error.
    Type '{ width: string | number; height: number; backgroundColor: string; borderRadius: number; }' is not assignable to type 'StyleProp<ViewStyle>'.
      Types of property 'width' are incompatible.
        Type 'string | number' is not assignable to type 'DimensionValue | undefined'.
          Type 'string' is not assignable to type 'DimensionValue | undefined'.
  Overload 2 of 2, '(props: ViewProps, context: any): View', gave the following error.
    Type '{ width: string | number; height: number; backgroundColor: string; borderRadius: number; }' is not assignable to type 'StyleProp<ViewStyle>'.
      Types of property 'width' are incompatible.
        Type 'string | number' is not assignable to type 'DimensionValue | undefined'.
          Type 'string' is not assignable to type 'DimensionValue | undefined'.
components/full-screen-loader.tsx(180,15): error TS2769: No overload matches this call.
  Overload 1 of 2, '(props: ViewProps): View', gave the following error.
    Type '{ width: string | number; height: number; backgroundColor: string; borderRadius: number; }' is not assignable to type 'StyleProp<ViewStyle>'.
      Types of property 'width' are incompatible.
        Type 'string | number' is not assignable to type 'DimensionValue | undefined'.
          Type 'string' is not assignable to type 'DimensionValue | undefined'.
  Overload 2 of 2, '(props: ViewProps, context: any): View', gave the following error.
    Type '{ width: string | number; height: number; backgroundColor: string; borderRadius: number; }' is not assignable to type 'StyleProp<ViewStyle>'.
      Types of property 'width' are incompatible.
        Type 'string | number' is not assignable to type 'DimensionValue | undefined'.
          Type 'string' is not assignable to type 'DimensionValue | undefined'.
